// Jest Snapshot v1, https://goo.gl/fbAQLP

exports[`<ProductTile.Media /> create ProductTile.Media component 1`] = `
<div
  className="fd-product-tile__media"
  style={
    Object {
      "backgroundImage": "url(https://techne.yaas.io/images/product-thumbnail-wide.png)",
    }
  }
/>
`;
