// Jest Snapshot v1, https://goo.gl/fbAQLP

exports[`<TileContent /> create tile component 1`] = `
<div
  className="fd-tile__content red"
>
  <h3
    className="fd-tile__title"
  >
    Tile Title
  </h3>
  <p>
    Tile Description
  </p>
</div>
`;
