// Jest Snapshot v1, https://goo.gl/fbAQLP

exports[`<ProductTileContent /> create ProductTile.Content component 1`] = `
<div
  className="fd-product-tile__content blue"
>
  <h3
    className="fd-product-tile__title"
  >
    Tile Title
  </h3>
  <p>
    Tile Description
  </p>
</div>
`;
