// Jest Snapshot v1, https://goo.gl/fbAQLP

exports[`<ListTitleSecondary /> create list TitleSecondary item 1`] = `
<span
  className="fd-list__secondary"
>
  List item 1
</span>
`;
