// Jest Snapshot v1, https://goo.gl/fbAQLP

exports[`<ListGroupItemCheckbox /> create list group 1`] = `
<div
  className="fd-form-item"
>
  <input
    aria-checked="false"
    className="fd-checkbox"
    id="foo"
    onChange={[Function]}
    type="checkbox"
    value="List item 1"
  />
  <label
    className="fd-form-label fd-checkbox__label"
    htmlFor="foo"
  />
</div>
`;
