// Jest Snapshot v1, https://goo.gl/fbAQLP

exports[`<FormItem /> create form item 1`] = `
<div
  className="fd-form-item"
>
  <label
    aria-required={true}
    className="fd-form-label fd-form-label--required"
    forAttr="input-1"
  >
    Default Input
  </label>
  <input
    className="fd-input"
    id="input-1"
    placeholder="Field placeholder text"
    state="warning"
    type="text"
  />
  <textarea
    className="fd-textarea blue"
    id="textarea-1"
  >
    Pellentesque metus lacus commodo eget justo ut rutrum varius nunc.
  </textarea>
  <textarea
    className="fd-textarea"
    id="textarea-2"
  >
    Pellentesque metus lacus commodo eget justo ut rutrum varius nunc.
  </textarea>
  <select
    className="fd-form-select"
    id="select-1"
  >
    <option
      value="1"
    >
      Duis malesuada odio volutpat elementum
    </option>
    <option
      value="2"
    >
      Suspendisse ante ligula
    </option>
    <option
      value="3"
    >
      Sed bibendum sapien at posuere interdum
    </option>
  </select>
  <select
    className="fd-form-select blue"
    disabled={true}
    id="select-1"
  >
    <option
      value="1"
    >
      Duis malesuada odio volutpat elementum
    </option>
  </select>
</div>
`;
